raw_strekeisen\vulc\andesite\andesite_PPL_28964843.jpg
raw_strekeisen\vulc\andesite\andesite_PPL_29382768.jpg
raw_strekeisen\vulc\andesite\andesite_PPL_33291996.jpg
raw_strekeisen\vulc\andesite\andesite_PPL_83607010.jpg
raw_strekeisen\vulc\andesite\andesite_XPL_62054317.jpg
raw_strekeisen\vulc\andesite\andesite_XPL_96373859.jpg
raw_strekeisen\vulc\ankaramite\ankaramite_PPL_26945133.jpg
raw_strekeisen\vulc\ankaramite\ankaramite_PPL_68518921.jpg
raw_strekeisen\vulc\ankaramite\ankaramite_PPL_83898018.jpg
raw_strekeisen\vulc\ankaramite\ankaramite_XPL_40432519.jpg
raw_strekeisen\pluto\antiperthite\antiperthite_XPL_18842091.jpg
raw_strekeisen\pluto\antiperthite\antiperthite_XPL_52468508.jpg
raw_strekeisen\pluto\antiperthite\antiperthite_XPL_66729388.jpg
raw_strekeisen\pluto\antiperthite\antiperthite_XPL_79780813.jpg
raw_strekeisen\vulc\basalt\basalt_PPL_1888715.jpg
raw_strekeisen\vulc\basalt\basalt_PPL_29599143.jpg
raw_strekeisen\vulc\basalt\basalt_PPL_30584615.jpg
raw_strekeisen\vulc\basalt\basalt_PPL_34672012.jpg
raw_strekeisen\vulc\basalt\basalt_PPL_50691340.jpg
raw_strekeisen\vulc\basalt\basalt_PPL_51252204.jpg
raw_strekeisen\vulc\basalt\basalt_PPL_78098814.jpg
raw_strekeisen\vulc\basalt\basalt_PPL_84187580.jpg
raw_strekeisen\vulc\basalt\basalt_PPL_85079229.jpg
raw_strekeisen\vulc\basalt\basalt_PPL_9531017.jpg
raw_strekeisen\vulc\basalt\basalt_XPL_22793001.jpg
raw_strekeisen\vulc\basalt\basalt_XPL_25332571.jpg
raw_strekeisen\vulc\basalt\basalt_XPL_28217169.jpg
raw_strekeisen\vulc\basalt\basalt_XPL_30312449.jpg
raw_strekeisen\vulc\basalt\basalt_XPL_33456651.jpg
raw_strekeisen\vulc\basalt\basalt_XPL_33608453.jpg
raw_strekeisen\vulc\basalt\basalt_XPL_33787994.jpg
raw_strekeisen\vulc\basalt\basalt_XPL_34671908.jpg
raw_strekeisen\vulc\basalt\basalt_XPL_39879517.jpg
raw_strekeisen\vulc\basalt\basalt_XPL_51200295.jpg
raw_strekeisen\vulc\basalt\basalt_XPL_57252806.jpg
raw_strekeisen\vulc\basalt\basalt_XPL_63379528.jpg
raw_strekeisen\vulc\basalt\basalt_XPL_80257821.jpg
raw_strekeisen\vulc\basalt\basalt_XPL_83351711.jpg
raw_strekeisen\pluto\cancrinitepegmatite\cancrinitepegmatite_PPL_10663280.jpg
raw_strekeisen\pluto\cancrinitepegmatite\cancrinitepegmatite_PPL_23248638.jpg
raw_strekeisen\pluto\cancrinitepegmatite\cancrinitepegmatite_PPL_49036622.jpg
raw_strekeisen\pluto\cancrinitepegmatite\cancrinitepegmatite_PPL_86157607.jpg
raw_strekeisen\pluto\cancrinitepegmatite\cancrinitepegmatite_XPL_15313609.jpg
raw_strekeisen\pluto\cancrinitepegmatite\cancrinitepegmatite_XPL_18613761.jpg
raw_strekeisen\pluto\cancrinitepegmatite\cancrinitepegmatite_XPL_18629838.jpg
raw_strekeisen\pluto\cancrinitepegmatite\cancrinitepegmatite_XPL_24555081.jpg
raw_strekeisen\pluto\cancrinitepegmatite\cancrinitepegmatite_XPL_29556203.jpg
raw_strekeisen\pluto\cancrinitepegmatite\cancrinitepegmatite_XPL_38053211.jpg
raw_strekeisen\pluto\cancrinitepegmatite\cancrinitepegmatite_XPL_52858984.jpg
raw_strekeisen\pluto\cancrinitepegmatite\cancrinitepegmatite_XPL_55379166.jpg
raw_strekeisen\pluto\cancrinitepegmatite\cancrinitepegmatite_XPL_56114694.jpg
raw_strekeisen\pluto\cancrinitepegmatite\cancrinitepegmatite_XPL_56807491.jpg
raw_strekeisen\pluto\cancrinitepegmatite\cancrinitepegmatite_XPL_59516320.jpg
raw_strekeisen\pluto\cancrinitepegmatite\cancrinitepegmatite_XPL_66858794.jpg
raw_strekeisen\pluto\cancrinitepegmatite\cancrinitepegmatite_XPL_97416301.jpg
raw_strekeisen\pluto\clinopyroxene\clinopyroxene_PPL_14149091.jpg
raw_strekeisen\pluto\clinopyroxene\clinopyroxene_PPL_1454660.jpg
raw_strekeisen\vulc\clinopyroxene\clinopyroxene_PPL_14697990.jpg
raw_strekeisen\vulc\clinopyroxene\clinopyroxene_PPL_18126337.jpg
raw_strekeisen\pluto\clinopyroxene\clinopyroxene_PPL_25779635.jpg
raw_strekeisen\pluto\clinopyroxene\clinopyroxene_PPL_33266113.jpg
raw_strekeisen\vulc\clinopyroxene\clinopyroxene_PPL_44807290.jpg
raw_strekeisen\vulc\clinopyroxene\clinopyroxene_PPL_46910994.jpg
raw_strekeisen\pluto\clinopyroxene\clinopyroxene_PPL_478864.jpg
raw_strekeisen\pluto\clinopyroxene\clinopyroxene_PPL_47909148.jpg
raw_strekeisen\vulc\clinopyroxene\clinopyroxene_PPL_53554254.jpg
raw_strekeisen\pluto\clinopyroxene\clinopyroxene_PPL_56910057.jpg
raw_strekeisen\pluto\clinopyroxene\clinopyroxene_PPL_58601437.jpg
raw_strekeisen\pluto\clinopyroxene\clinopyroxene_PPL_6361252.jpg
raw_strekeisen\pluto\clinopyroxene\clinopyroxene_PPL_64477056.jpg
raw_strekeisen\pluto\clinopyroxene\clinopyroxene_PPL_66036227.jpg
raw_strekeisen\pluto\clinopyroxene\clinopyroxene_PPL_7657414.jpg
raw_strekeisen\pluto\clinopyroxene\clinopyroxene_PPL_87406751.jpg
raw_strekeisen\vulc\clinopyroxene\clinopyroxene_PPL_88761975.jpg
raw_strekeisen\pluto\clinopyroxene\clinopyroxene_PPL_89165347.jpg
raw_strekeisen\vulc\clinopyroxene\clinopyroxene_PPL_91919052.jpg
raw_strekeisen\pluto\clinopyroxene\clinopyroxene_PPL_95222302.jpg
raw_strekeisen\pluto\clinopyroxene\clinopyroxene_XPL_18808018.jpg
raw_strekeisen\pluto\clinopyroxene\clinopyroxene_XPL_3831940.jpg
raw_strekeisen\pluto\clinopyroxene\clinopyroxene_XPL_38747407.jpg
raw_strekeisen\pluto\clinopyroxene\clinopyroxene_XPL_40121531.jpg
raw_strekeisen\pluto\clinopyroxene\clinopyroxene_XPL_52897809.jpg
raw_strekeisen\pluto\clinopyroxene\clinopyroxene_XPL_57292494.jpg
raw_strekeisen\pluto\clinopyroxene\clinopyroxene_XPL_5813447.jpg
raw_strekeisen\pluto\clinopyroxene\clinopyroxene_XPL_65157328.jpg
raw_strekeisen\vulc\clinopyroxene\clinopyroxene_XPL_78696110.jpg
raw_strekeisen\pluto\clinopyroxene\clinopyroxene_XPL_88423798.jpg
raw_strekeisen\pluto\clinopyroxene\clinopyroxene_XPL_90974653.jpg
raw_strekeisen\pluto\clinopyroxene\clinopyroxene_XPL_91142154.jpg
raw_strekeisen\vulc\clinopyroxene\clinopyroxene_XPL_95124502.jpg
raw_strekeisen\vulc\clinopyroxene\clinopyroxene_XPL_96956055.jpg
raw_strekeisen\vulc\cordierite\cordierite_PPL_89839622.jpg
raw_strekeisen\vulc\cordierite\cordierite_XPL_29982748.jpg
raw_strekeisen\pluto\cumberlandite\cumberlandite_PPL_1017673.jpg
raw_strekeisen\pluto\cumberlandite\cumberlandite_PPL_10378920.jpg
raw_strekeisen\pluto\cumberlandite\cumberlandite_PPL_14967277.jpg
raw_strekeisen\pluto\cumberlandite\cumberlandite_PPL_19066148.jpg
raw_strekeisen\pluto\cumberlandite\cumberlandite_PPL_24262486.jpg
raw_strekeisen\pluto\cumberlandite\cumberlandite_PPL_30565849.jpg
raw_strekeisen\pluto\cumberlandite\cumberlandite_PPL_38517758.jpg
raw_strekeisen\pluto\cumberlandite\cumberlandite_PPL_4462484.jpg
raw_strekeisen\pluto\cumberlandite\cumberlandite_PPL_45951773.jpg
raw_strekeisen\pluto\cumberlandite\cumberlandite_PPL_54957001.jpg
raw_strekeisen\pluto\cumberlandite\cumberlandite_PPL_59493540.jpg
raw_strekeisen\pluto\cumberlandite\cumberlandite_PPL_59999672.jpg
raw_strekeisen\pluto\cumberlandite\cumberlandite_PPL_62876636.jpg
raw_strekeisen\pluto\cumberlandite\cumberlandite_PPL_65570978.jpg
raw_strekeisen\pluto\cumberlandite\cumberlandite_PPL_66824894.jpg
raw_strekeisen\pluto\cumberlandite\cumberlandite_PPL_70987188.jpg
raw_strekeisen\pluto\cumberlandite\cumberlandite_PPL_78601860.jpg
raw_strekeisen\pluto\cumberlandite\cumberlandite_PPL_80218836.jpg
raw_strekeisen\pluto\cumberlandite\cumberlandite_PPL_85971986.jpg
raw_strekeisen\pluto\cumberlandite\cumberlandite_PPL_88421126.jpg
raw_strekeisen\pluto\cumberlandite\cumberlandite_PPL_89906225.jpg
raw_strekeisen\pluto\cumberlandite\cumberlandite_PPL_92752189.jpg
raw_strekeisen\pluto\cumberlandite\cumberlandite_PPL_96582099.jpg
raw_strekeisen\pluto\cumberlandite\cumberlandite_PPL_99023431.jpg
raw_strekeisen\pluto\cumberlandite\cumberlandite_XPL_30173956.jpg
raw_strekeisen\pluto\cumberlandite\cumberlandite_XPL_31655890.jpg
raw_strekeisen\pluto\cumberlandite\cumberlandite_XPL_37134240.jpg
raw_strekeisen\pluto\cumberlandite\cumberlandite_XPL_46030271.jpg
raw_strekeisen\pluto\cumberlandite\cumberlandite_XPL_58745941.jpg
raw_strekeisen\pluto\cumberlandite\cumberlandite_XPL_59449359.jpg
raw_strekeisen\pluto\cumberlandite\cumberlandite_XPL_94407022.jpg
raw_strekeisen\pluto\diorite\diorite_PPL_18519550.jpg
raw_strekeisen\pluto\diorite\diorite_PPL_22904271.jpg
raw_strekeisen\pluto\diorite\diorite_PPL_2804731.jpg
raw_strekeisen\pluto\diorite\diorite_PPL_3703153.jpg
raw_strekeisen\pluto\diorite\diorite_PPL_70132323.jpg
raw_strekeisen\pluto\diorite\diorite_PPL_78112632.jpg
raw_strekeisen\pluto\diorite\diorite_PPL_90911820.jpg
raw_strekeisen\pluto\diorite\diorite_PPL_92255043.jpg
raw_strekeisen\pluto\diorite\diorite_XPL_32050371.jpg
raw_strekeisen\pluto\diorite\diorite_XPL_44983831.jpg
raw_strekeisen\pluto\diorite\diorite_XPL_6216596.jpg
raw_strekeisen\pluto\diorite\diorite_XPL_66192827.jpg
raw_strekeisen\pluto\diorite\diorite_XPL_98399893.jpg
raw_strekeisen\pluto\dun\dun_PPL_76156622.jpg
raw_strekeisen\pluto\dun\dun_XPL_43551555.jpg
raw_strekeisen\pluto\dun\dun_XPL_50327352.jpg
raw_strekeisen\pluto\dun\dun_XPL_5332927.jpg
raw_strekeisen\pluto\dun\dun_XPL_58336667.jpg
raw_strekeisen\pluto\dun\dun_XPL_68783448.jpg
raw_strekeisen\pluto\eufodite\eufodite_PPL_19993261.jpg
raw_strekeisen\pluto\eufodite\eufodite_PPL_28258078.jpg
raw_strekeisen\pluto\eufodite\eufodite_PPL_33458837.jpg
raw_strekeisen\pluto\eufodite\eufodite_PPL_414922.jpg
raw_strekeisen\pluto\eufodite\eufodite_PPL_44887509.jpg
raw_strekeisen\pluto\eufodite\eufodite_PPL_67344011.jpg
raw_strekeisen\pluto\eufodite\eufodite_XPL_19272661.jpg
raw_strekeisen\pluto\eufodite\eufodite_XPL_20296233.jpg
raw_strekeisen\pluto\eufodite\eufodite_XPL_21963177.jpg
raw_strekeisen\pluto\eufodite\eufodite_XPL_23386291.jpg
raw_strekeisen\pluto\eufodite\eufodite_XPL_30014448.jpg
raw_strekeisen\pluto\eufodite\eufodite_XPL_36898820.jpg
raw_strekeisen\pluto\eufodite\eufodite_XPL_50157831.jpg
raw_strekeisen\pluto\eufodite\eufodite_XPL_65565212.jpg
raw_strekeisen\pluto\eufodite\eufodite_XPL_74751276.jpg
raw_strekeisen\pluto\finero\finero_PPL_23788433.jpg
raw_strekeisen\pluto\finero\finero_PPL_26063199.jpg
raw_strekeisen\pluto\finero\finero_PPL_34301686.jpg
raw_strekeisen\pluto\finero\finero_PPL_35663794.jpg
raw_strekeisen\pluto\finero\finero_PPL_37445590.jpg
raw_strekeisen\pluto\finero\finero_PPL_40124423.jpg
raw_strekeisen\pluto\finero\finero_PPL_54563603.jpg
raw_strekeisen\pluto\finero\finero_PPL_70340840.jpg
raw_strekeisen\pluto\finero\finero_PPL_7245741.jpg
raw_strekeisen\pluto\finero\finero_PPL_7772274.jpg
raw_strekeisen\pluto\finero\finero_PPL_78950091.jpg
raw_strekeisen\pluto\finero\finero_PPL_85290841.jpg
raw_strekeisen\pluto\finero\finero_XPL_35939922.jpg
raw_strekeisen\pluto\finero\finero_XPL_42904919.jpg
raw_strekeisen\pluto\finero\finero_XPL_50058424.jpg
raw_strekeisen\pluto\finero\finero_XPL_51011362.jpg
raw_strekeisen\pluto\finero\finero_XPL_81976872.jpg
raw_strekeisen\pluto\finero\finero_XPL_84349500.jpg
raw_strekeisen\pluto\fluorite\fluorite_PPL_63524590.jpg
raw_strekeisen\pluto\fluorite\fluorite_PPL_93716025.jpg
raw_strekeisen\pluto\gabbro\gabbro_XPL_22465392.jpg
raw_strekeisen\pluto\gabbro\gabbro_XPL_73482468.jpg
raw_strekeisen\pluto\gabbroaugite\gabbroaugite_PPL_74102705.jpg
raw_strekeisen\pluto\gabbroaugite\gabbroaugite_XPL_10366709.jpg
raw_strekeisen\pluto\gabbroaugite\gabbroaugite_XPL_37313949.jpg
raw_strekeisen\pluto\gabbrohornblende\gabbrohornblende_PPL_14654692.jpg
raw_strekeisen\pluto\gabbrohornblende\gabbrohornblende_PPL_27703464.jpg
raw_strekeisen\pluto\gabbrohornblende\gabbrohornblende_PPL_27705578.jpg
raw_strekeisen\pluto\gabbrohornblende\gabbrohornblende_PPL_29261376.jpg
raw_strekeisen\pluto\gabbrohornblende\gabbrohornblende_PPL_79085930.jpg
raw_strekeisen\pluto\gabbrohornblende\gabbrohornblende_XPL_21357632.jpg
raw_strekeisen\pluto\gabbrohornblende\gabbrohornblende_XPL_29175545.jpg
raw_strekeisen\pluto\gabbrohornblende\gabbrohornblende_XPL_31954425.jpg
raw_strekeisen\pluto\gabbrohornblende\gabbrohornblende_XPL_57006155.jpg
raw_strekeisen\pluto\gabbrohornblende\gabbrohornblende_XPL_93878231.jpg
raw_strekeisen\pluto\gabbronorite\gabbronorite_PPL_35858987.jpg
raw_strekeisen\pluto\gabbronorite\gabbronorite_PPL_80039319.jpg
raw_strekeisen\pluto\gabbronorite\gabbronorite_XPL_11547954.jpg
raw_strekeisen\pluto\gabbronorite\gabbronorite_XPL_1563560.jpg
raw_strekeisen\pluto\gabbronorite\gabbronorite_XPL_27626407.jpg
raw_strekeisen\pluto\gabbronorite\gabbronorite_XPL_3006550.jpg
raw_strekeisen\pluto\gabbronorite\gabbronorite_XPL_31822918.jpg
raw_strekeisen\pluto\gabbronorite\gabbronorite_XPL_49627496.jpg
raw_strekeisen\pluto\gabbronorite\gabbronorite_XPL_53820269.jpg
raw_strekeisen\pluto\gabbronorite\gabbronorite_XPL_59470480.jpg
raw_strekeisen\pluto\gabbronorite\gabbronorite_XPL_76315495.jpg
raw_strekeisen\pluto\gabbronorite\gabbronorite_XPL_87390557.jpg
raw_strekeisen\pluto\gabbronorite\gabbronorite_XPL_89056495.jpg
raw_strekeisen\pluto\gabbronorite\gabbronorite_XPL_98265417.jpg
raw_strekeisen\pluto\garnetlherzolite\garnetlherzolite_PPL_13938009.jpg
raw_strekeisen\pluto\garnetlherzolite\garnetlherzolite_PPL_59132820.jpg
raw_strekeisen\pluto\garnetlherzolite\garnetlherzolite_PPL_66965151.jpg
raw_strekeisen\pluto\garnetlherzolite\garnetlherzolite_PPL_80668564.jpg
raw_strekeisen\pluto\garnetlherzolite\garnetlherzolite_XPL_23123017.jpg
raw_strekeisen\pluto\garnetlherzolite\garnetlherzolite_XPL_54120979.jpg
raw_strekeisen\pluto\garnetlherzolite\garnetlherzolite_XPL_62489381.jpg
raw_strekeisen\pluto\garnetlherzolite\garnetlherzolite_XPL_70237950.jpg
raw_strekeisen\pluto\garnetlherzolite\garnetlherzolite_XPL_88819535.jpg
raw_strekeisen\pluto\garnetlherzolite\garnetlherzolite_XPL_89928195.jpg
raw_strekeisen\pluto\garnetlherzolite\garnetlherzolite_XPL_90756915.jpg
raw_strekeisen\pluto\garnetlherzolite\garnetlherzolite_XPL_92233664.jpg
raw_strekeisen\vulc\glomerophyric\glomerophyric_PPL_12671108.jpg
raw_strekeisen\vulc\glomerophyric\glomerophyric_PPL_34663968.jpg
raw_strekeisen\vulc\glomerophyric\glomerophyric_PPL_66069064.jpg
raw_strekeisen\vulc\glomerophyric\glomerophyric_XPL_2289856.jpg
raw_strekeisen\pluto\granite\granite_PPL_23697326.jpg
raw_strekeisen\pluto\granite\granite_PPL_79041458.jpg
raw_strekeisen\pluto\granite\granite_PPL_7931542.jpg
raw_strekeisen\pluto\granite\granite_XPL_16831881.jpg
raw_strekeisen\pluto\granite\granite_XPL_19573910.jpg
raw_strekeisen\pluto\granite\granite_XPL_2499887.jpg
raw_strekeisen\pluto\granite\granite_XPL_38615794.jpg
raw_strekeisen\pluto\granite\granite_XPL_51335116.jpg
raw_strekeisen\pluto\granite\granite_XPL_77539598.jpg
raw_strekeisen\pluto\harzburgite\harzburgite_PPL_92888683.jpg
raw_strekeisen\pluto\harzburgite\harzburgite_XPL_18861369.jpg
raw_strekeisen\pluto\harzburgite\harzburgite_XPL_5174209.jpg
raw_strekeisen\pluto\harzburgite\harzburgite_XPL_90084830.jpg
raw_strekeisen\pluto\hornblendite\hornblendite_PPL_22706814.jpg
raw_strekeisen\pluto\hornblendite\hornblendite_PPL_71828454.jpg
raw_strekeisen\pluto\hornblendite\hornblendite_XPL_26374980.jpg
raw_strekeisen\pluto\hornblendite\hornblendite_XPL_3436602.jpg
raw_strekeisen\pluto\hornblendite\hornblendite_XPL_44319293.jpg
raw_strekeisen\pluto\hornblendite\hornblendite_XPL_45829968.jpg
raw_strekeisen\pluto\hornblendite\hornblendite_XPL_59730188.jpg
raw_strekeisen\pluto\hornblendite\hornblendite_XPL_66013963.jpg
raw_strekeisen\pluto\hornblendite\hornblendite_XPL_82996610.jpg
raw_strekeisen\pluto\hornblendite1\hornblendite1_PPL_42159150.jpg
raw_strekeisen\pluto\hornblendite1\hornblendite1_PPL_49445255.jpg
raw_strekeisen\pluto\hornblendite1\hornblendite1_PPL_53351801.jpg
raw_strekeisen\pluto\hornblendite1\hornblendite1_PPL_57394405.jpg
raw_strekeisen\pluto\hornblendite1\hornblendite1_PPL_71323565.jpg
raw_strekeisen\pluto\hornblendite1\hornblendite1_PPL_91935146.jpg
raw_strekeisen\pluto\hornblendite1\hornblendite1_PPL_92157263.jpg
raw_strekeisen\pluto\hornblendite1\hornblendite1_XPL_96691978.jpg
raw_strekeisen\pluto\ijolite\ijolite_PPL_19201907.jpg
raw_strekeisen\pluto\ijolite\ijolite_PPL_2135480.jpg
raw_strekeisen\pluto\ijolite\ijolite_PPL_31115905.jpg
raw_strekeisen\pluto\ijolite\ijolite_PPL_82740570.jpg
raw_strekeisen\pluto\ijolite\ijolite_XPL_29600203.jpg
raw_strekeisen\pluto\ijolite1\ijolite1_PPL_12355387.jpg
raw_strekeisen\pluto\ijolite1\ijolite1_PPL_23779761.jpg
raw_strekeisen\pluto\ijolite1\ijolite1_PPL_32150004.jpg
raw_strekeisen\pluto\ijolite1\ijolite1_PPL_40826956.jpg
raw_strekeisen\pluto\ijolite1\ijolite1_PPL_52479283.jpg
raw_strekeisen\pluto\ijolite1\ijolite1_PPL_5531134.jpg
raw_strekeisen\pluto\ijolite1\ijolite1_PPL_58180407.jpg
raw_strekeisen\pluto\ijolite1\ijolite1_PPL_6434504.jpg
raw_strekeisen\pluto\ijolite1\ijolite1_PPL_77694855.jpg
raw_strekeisen\pluto\ijolite1\ijolite1_PPL_93781329.jpg
raw_strekeisen\pluto\ijolite1\ijolite1_XPL_2835893.jpg
raw_strekeisen\pluto\ijolite1\ijolite1_XPL_68619918.jpg
raw_strekeisen\vulc\ilmenite\ilmenite_PPL_5149620.jpg
raw_strekeisen\pluto\jacupirangite\jacupirangite_PPL_41335399.jpg
raw_strekeisen\pluto\jacupirangite\jacupirangite_PPL_52746894.jpg
raw_strekeisen\pluto\jacupirangite\jacupirangite_XPL_27632899.jpg
raw_strekeisen\pluto\jacupirangite\jacupirangite_XPL_37673513.jpg
raw_strekeisen\pluto\jacupirangite\jacupirangite_XPL_46911042.jpg
raw_strekeisen\pluto\jacupirangite\jacupirangite_XPL_52851017.jpg
raw_strekeisen\pluto\jotunite\jotunite_PPL_10460456.jpg
raw_strekeisen\pluto\jotunite\jotunite_PPL_25351567.jpg
raw_strekeisen\pluto\jotunite\jotunite_PPL_36484085.jpg
raw_strekeisen\pluto\jotunite\jotunite_PPL_38387259.jpg
raw_strekeisen\pluto\jotunite\jotunite_PPL_47311431.jpg
raw_strekeisen\pluto\jotunite\jotunite_PPL_60807899.jpg
raw_strekeisen\pluto\jotunite\jotunite_PPL_80331675.jpg
raw_strekeisen\pluto\jotunite\jotunite_PPL_86088147.jpg
raw_strekeisen\pluto\jotunite\jotunite_PPL_91903656.jpg
raw_strekeisen\pluto\jotunite\jotunite_XPL_19515456.jpg
raw_strekeisen\pluto\jotunite\jotunite_XPL_21230375.jpg
raw_strekeisen\pluto\jotunite\jotunite_XPL_34081254.jpg
raw_strekeisen\pluto\jotunite\jotunite_XPL_34952598.jpg
raw_strekeisen\pluto\jotunite\jotunite_XPL_46446491.jpg
raw_strekeisen\pluto\jotunite\jotunite_XPL_49993795.jpg
raw_strekeisen\pluto\jotunite\jotunite_XPL_57016591.jpg
raw_strekeisen\pluto\jotunite\jotunite_XPL_5907024.jpg
raw_strekeisen\pluto\jotunite\jotunite_XPL_63471859.jpg
raw_strekeisen\pluto\jotunite\jotunite_XPL_65873848.jpg
raw_strekeisen\pluto\jotunite\jotunite_XPL_70814730.jpg
raw_strekeisen\pluto\jotunite\jotunite_XPL_78523660.jpg
raw_strekeisen\pluto\jotunite\jotunite_XPL_80128321.jpg
raw_strekeisen\pluto\jotunite\jotunite_XPL_84930314.jpg
raw_strekeisen\pluto\jotunite\jotunite_XPL_89629616.jpg
raw_strekeisen\pluto\jotunite\jotunite_XPL_96732152.jpg
raw_strekeisen\pluto\jotunite\jotunite_XPL_99817025.jpg
raw_strekeisen\pluto\jotunite\jotunite_XPL_99897463.jpg
raw_strekeisen\meta\kelyphite\kelyphite_PPL_1989279.jpg
raw_strekeisen\meta\kelyphite\kelyphite_PPL_40527192.jpg
raw_strekeisen\meta\kelyphite\kelyphite_PPL_46947853.jpg
raw_strekeisen\meta\kelyphite\kelyphite_PPL_51050292.jpg
raw_strekeisen\meta\kelyphite\kelyphite_PPL_75472132.jpg
raw_strekeisen\meta\kelyphite\kelyphite_PPL_8668540.jpg
raw_strekeisen\meta\kelyphite\kelyphite_PPL_93252485.jpg
raw_strekeisen\meta\kelyphite\kelyphite_XPL_48562746.jpg
raw_strekeisen\pluto\kentallenite\kentallenite_PPL_16852080.jpg
raw_strekeisen\pluto\kentallenite\kentallenite_PPL_1963757.jpg
raw_strekeisen\pluto\kentallenite\kentallenite_PPL_36479205.jpg
raw_strekeisen\pluto\kentallenite\kentallenite_PPL_36729391.jpg
raw_strekeisen\pluto\kentallenite\kentallenite_PPL_41085818.jpg
raw_strekeisen\pluto\kentallenite\kentallenite_PPL_41620152.jpg
raw_strekeisen\pluto\kentallenite\kentallenite_PPL_43082297.jpg
raw_strekeisen\pluto\kentallenite\kentallenite_PPL_69704971.jpg
raw_strekeisen\pluto\kentallenite\kentallenite_PPL_71788310.jpg
raw_strekeisen\pluto\kentallenite\kentallenite_PPL_7517013.jpg
raw_strekeisen\pluto\kentallenite\kentallenite_PPL_87171627.jpg
raw_strekeisen\pluto\kentallenite\kentallenite_PPL_98426996.jpg
raw_strekeisen\pluto\kentallenite\kentallenite_XPL_19207314.jpg
raw_strekeisen\pluto\kentallenite\kentallenite_XPL_61468360.jpg
raw_strekeisen\pluto\kentallenite\kentallenite_XPL_62711974.jpg
raw_strekeisen\pluto\kentallenite\kentallenite_XPL_66695675.jpg
raw_strekeisen\pluto\kentallenite\kentallenite_XPL_7311.jpg
raw_strekeisen\pluto\kentallenite\kentallenite_XPL_98248446.jpg
raw_strekeisen\vulc\kersantite\kersantite_PPL_33658878.jpg
raw_strekeisen\vulc\kersantite\kersantite_PPL_44207977.jpg
raw_strekeisen\vulc\kersantite\kersantite_PPL_80585929.jpg
raw_strekeisen\vulc\kersantite\kersantite_XPL_37463360.jpg
raw_strekeisen\vulc\kersantite\kersantite_XPL_70011042.jpg
raw_strekeisen\vulc\kersantite\kersantite_XPL_73041148.jpg
raw_strekeisen\vulc\kersantite\kersantite_XPL_74302942.jpg
raw_strekeisen\vulc\kimberlite2\kimberlite2_PPL_21181478.jpg
raw_strekeisen\vulc\kimberlite2\kimberlite2_PPL_35466478.jpg
raw_strekeisen\vulc\kimberlite2\kimberlite2_PPL_44947728.jpg
raw_strekeisen\vulc\kimberlite2\kimberlite2_PPL_52901862.jpg
raw_strekeisen\vulc\kimberlite2\kimberlite2_PPL_61970027.jpg
raw_strekeisen\vulc\kimberlite2\kimberlite2_PPL_92190793.jpg
raw_strekeisen\vulc\kimberlite2\kimberlite2_PPL_97950854.jpg
raw_strekeisen\vulc\kimberlite2\kimberlite2_XPL_17997180.jpg
raw_strekeisen\vulc\kimberlite2\kimberlite2_XPL_19234213.jpg
raw_strekeisen\vulc\kimberlite2\kimberlite2_XPL_20253019.jpg
raw_strekeisen\vulc\kimberlite2\kimberlite2_XPL_39929695.jpg
raw_strekeisen\vulc\kimberlite2\kimberlite2_XPL_44392102.jpg
raw_strekeisen\vulc\kimberlite2\kimberlite2_XPL_46973513.jpg
raw_strekeisen\vulc\kimberlite2\kimberlite2_XPL_5483920.jpg
raw_strekeisen\vulc\kimberlite2\kimberlite2_XPL_55484666.jpg
raw_strekeisen\vulc\kimberlite2\kimberlite2_XPL_6075500.jpg
raw_strekeisen\vulc\kimberlite2\kimberlite2_XPL_69794327.jpg
raw_strekeisen\vulc\kimberlite2\kimberlite2_XPL_76423661.jpg
raw_strekeisen\vulc\kimberlite2\kimberlite2_XPL_86727004.jpg
raw_strekeisen\vulc\kimberlite2\kimberlite2_XPL_87620921.jpg
raw_strekeisen\vulc\kimberlite2\kimberlite2_XPL_9213985.jpg
raw_strekeisen\pluto\lakarpite\lakarpite_PPL_56202931.jpg
raw_strekeisen\pluto\larvikite\larvikite_PPL_3774000.jpg
raw_strekeisen\pluto\larvikite\larvikite_PPL_72526923.jpg
raw_strekeisen\pluto\larvikite\larvikite_PPL_83331590.jpg
raw_strekeisen\pluto\larvikite\larvikite_XPL_14330802.jpg
raw_strekeisen\pluto\larvikite\larvikite_XPL_47527575.jpg
raw_strekeisen\pluto\larvikite\larvikite_XPL_62064783.jpg
raw_strekeisen\pluto\larvikite\larvikite_XPL_65144071.jpg
raw_strekeisen\pluto\larvikite\larvikite_XPL_8166234.jpg
raw_strekeisen\pluto\larvikite\larvikite_XPL_94719721.jpg
raw_strekeisen\vulc\latite\latite_PPL_23699275.jpg
raw_strekeisen\vulc\latite\latite_PPL_409904.jpg
raw_strekeisen\vulc\latite\latite_PPL_59563209.jpg
raw_strekeisen\vulc\latite\latite_XPL_93610825.jpg
raw_strekeisen\pluto\lherzoliteserpentinized\lherzoliteserpentinized_PPL_2621523.jpg
raw_strekeisen\pluto\lherzoliteserpentinized\lherzoliteserpentinized_PPL_38808956.jpg
raw_strekeisen\pluto\lherzoliteserpentinized\lherzoliteserpentinized_XPL_32237465.jpg
raw_strekeisen\pluto\lherzoliteserpentinized\lherzoliteserpentinized_XPL_4583011.jpg
raw_strekeisen\pluto\lherzoliteserpentinized\lherzoliteserpentinized_XPL_50012191.jpg
raw_strekeisen\pluto\lherzoliteserpentinized\lherzoliteserpentinized_XPL_51708877.jpg
raw_strekeisen\pluto\lujavrite\lujavrite_PPL_38799391.jpg
raw_strekeisen\meta\maficgranulite\maficgranulite_PPL_11762307.jpg
raw_strekeisen\meta\maficgranulite\maficgranulite_PPL_29268772.jpg
raw_strekeisen\meta\maficgranulite\maficgranulite_PPL_35679367.jpg
raw_strekeisen\meta\maficgranulite\maficgranulite_PPL_36389243.jpg
raw_strekeisen\meta\maficgranulite\maficgranulite_PPL_37674090.jpg
raw_strekeisen\meta\maficgranulite\maficgranulite_PPL_38299978.jpg
raw_strekeisen\meta\maficgranulite\maficgranulite_PPL_417052.jpg
raw_strekeisen\meta\maficgranulite\maficgranulite_PPL_41884504.jpg
raw_strekeisen\meta\maficgranulite\maficgranulite_PPL_42874830.jpg
raw_strekeisen\meta\maficgranulite\maficgranulite_PPL_48453065.jpg
raw_strekeisen\meta\maficgranulite\maficgranulite_PPL_52610442.jpg
raw_strekeisen\meta\maficgranulite\maficgranulite_PPL_54741636.jpg
raw_strekeisen\meta\maficgranulite\maficgranulite_PPL_59368130.jpg
raw_strekeisen\meta\maficgranulite\maficgranulite_PPL_63478346.jpg
raw_strekeisen\meta\maficgranulite\maficgranulite_PPL_65618916.jpg
raw_strekeisen\meta\maficgranulite\maficgranulite_PPL_68366880.jpg
raw_strekeisen\meta\maficgranulite\maficgranulite_PPL_6855086.jpg
raw_strekeisen\meta\maficgranulite\maficgranulite_PPL_69084696.jpg
raw_strekeisen\meta\maficgranulite\maficgranulite_PPL_70173005.jpg
raw_strekeisen\meta\maficgranulite\maficgranulite_PPL_70729929.jpg
raw_strekeisen\meta\maficgranulite\maficgranulite_PPL_73216869.jpg
raw_strekeisen\meta\maficgranulite\maficgranulite_PPL_74426344.jpg
raw_strekeisen\meta\maficgranulite\maficgranulite_PPL_96482735.jpg
raw_strekeisen\meta\maficgranulite\maficgranulite_XPL_26323484.jpg
raw_strekeisen\meta\maficgranulite\maficgranulite_XPL_46906559.jpg
raw_strekeisen\meta\maficgranulite\maficgranulite_XPL_49602563.jpg
raw_strekeisen\meta\maficgranulite\maficgranulite_XPL_54225012.jpg
raw_strekeisen\meta\maficgranulite\maficgranulite_XPL_55815287.jpg
raw_strekeisen\meta\maficgranulite\maficgranulite_XPL_60267288.jpg
raw_strekeisen\meta\maficgranulite\maficgranulite_XPL_67744502.jpg
raw_strekeisen\meta\maficgranulite\maficgranulite_XPL_86374314.jpg
raw_strekeisen\pluto\magmaticflow\magmaticflow_PPL_5410420.jpg
raw_strekeisen\pluto\magmaticflow\magmaticflow_PPL_5829151.jpg
raw_strekeisen\pluto\magmaticflow\magmaticflow_PPL_73825677.jpg
raw_strekeisen\pluto\magmaticflow\magmaticflow_PPL_74109625.jpg
raw_strekeisen\pluto\magmaticflow\magmaticflow_PPL_98083358.jpg
raw_strekeisen\pluto\magmaticflow\magmaticflow_XPL_35575192.jpg
raw_strekeisen\pluto\magmaticflow\magmaticflow_XPL_61030624.jpg
raw_strekeisen\pluto\magmaticflow\magmaticflow_XPL_76884610.jpg
raw_strekeisen\pluto\magmaticflow\magmaticflow_XPL_96150007.jpg
raw_strekeisen\pluto\magnetite\magnetite_PPL_15272654.jpg
raw_strekeisen\pluto\magnetite\magnetite_XPL_77159761.jpg
raw_strekeisen\pluto\mattoni\mattoni_PPL_79848289.jpg
raw_strekeisen\pluto\mattoni\mattoni_PPL_81528900.jpg
raw_strekeisen\pluto\mattoni\mattoni_XPL_25015150.jpg
raw_strekeisen\pluto\mattoni\mattoni_XPL_30524807.jpg
raw_strekeisen\pluto\mattoni\mattoni_XPL_49154123.jpg
raw_strekeisen\pluto\mattoni\mattoni_XPL_54078789.jpg
raw_strekeisen\pluto\mattoni\mattoni_XPL_55643458.jpg
raw_strekeisen\pluto\mattoni\mattoni_XPL_5814300.jpg
raw_strekeisen\pluto\mattoni\mattoni_XPL_5854140.jpg
raw_strekeisen\pluto\mattoni\mattoni_XPL_59303798.jpg
raw_strekeisen\pluto\mattoni\mattoni_XPL_62859890.jpg
raw_strekeisen\pluto\mattoni\mattoni_XPL_63686190.jpg
raw_strekeisen\pluto\mattoni\mattoni_XPL_81833004.jpg
raw_strekeisen\pluto\mattoni\mattoni_XPL_85387848.jpg
raw_strekeisen\pluto\mattoni\mattoni_XPL_88222076.jpg
raw_strekeisen\pluto\mattoni\mattoni_XPL_88830112.jpg
raw_strekeisen\pluto\mattoni\mattoni_XPL_98847484.jpg
raw_strekeisen\pluto\mattonigabbro\mattonigabbro_PPL_31122074.jpg
raw_strekeisen\pluto\mattonigabbro\mattonigabbro_PPL_37620371.jpg
raw_strekeisen\pluto\mattonigabbro\mattonigabbro_PPL_55726191.jpg
raw_strekeisen\pluto\mattonigabbro\mattonigabbro_PPL_56419432.jpg
raw_strekeisen\pluto\mattonigabbro\mattonigabbro_PPL_57393830.jpg
raw_strekeisen\pluto\mattonigabbro\mattonigabbro_PPL_63347124.jpg
raw_strekeisen\pluto\mattonigabbro\mattonigabbro_PPL_64382820.jpg
raw_strekeisen\pluto\mattonigabbro\mattonigabbro_XPL_25100541.jpg
raw_strekeisen\pluto\mattonigabbro\mattonigabbro_XPL_26901723.jpg
raw_strekeisen\pluto\mattonigabbro\mattonigabbro_XPL_43240757.jpg
raw_strekeisen\pluto\mattonigabbro\mattonigabbro_XPL_60967532.jpg
raw_strekeisen\pluto\mattonigabbro\mattonigabbro_XPL_70006792.jpg
raw_strekeisen\pluto\mattonigabbro\mattonigabbro_XPL_70916445.jpg
raw_strekeisen\pluto\mattonigabbro\mattonigabbro_XPL_79693391.jpg
raw_strekeisen\pluto\melteigite\melteigite_PPL_10474172.jpg
raw_strekeisen\pluto\melteigite\melteigite_PPL_14046023.jpg
raw_strekeisen\pluto\melteigite\melteigite_PPL_15800566.jpg
raw_strekeisen\pluto\melteigite\melteigite_PPL_28609832.jpg
raw_strekeisen\pluto\melteigite\melteigite_PPL_34115344.jpg
raw_strekeisen\pluto\melteigite\melteigite_PPL_35058883.jpg
raw_strekeisen\pluto\melteigite\melteigite_PPL_43294596.jpg
raw_strekeisen\pluto\melteigite\melteigite_PPL_44216588.jpg
raw_strekeisen\pluto\melteigite\melteigite_PPL_49602753.jpg
raw_strekeisen\pluto\melteigite\melteigite_PPL_6733078.jpg
raw_strekeisen\pluto\melteigite\melteigite_PPL_81444865.jpg
raw_strekeisen\pluto\melteigite\melteigite_PPL_87036503.jpg
raw_strekeisen\pluto\melteigite\melteigite_PPL_96744558.jpg
raw_strekeisen\pluto\melteigite\melteigite_PPL_97048757.jpg
raw_strekeisen\pluto\melteigite\melteigite_XPL_19430103.jpg
raw_strekeisen\pluto\melteigite\melteigite_XPL_24956017.jpg
raw_strekeisen\pluto\melteigite\melteigite_XPL_75312726.jpg
raw_strekeisen\pluto\melteigite\melteigite_XPL_76249168.jpg
raw_strekeisen\meta\meshstructures\meshstructures_PPL_25956523.jpg
raw_strekeisen\meta\meshstructures\meshstructures_PPL_37457123.jpg
raw_strekeisen\meta\meshstructures\meshstructures_PPL_84019122.jpg
raw_strekeisen\meta\meshstructures\meshstructures_PPL_88787087.jpg
raw_strekeisen\meta\meshstructures\meshstructures_XPL_14920536.jpg
raw_strekeisen\meta\meshstructures\meshstructures_XPL_42373583.jpg
raw_strekeisen\meta\meshstructures\meshstructures_XPL_55593731.jpg
raw_strekeisen\meta\meshstructures\meshstructures_XPL_76652288.jpg
raw_strekeisen\pluto\monzodiorite\monzodiorite_PPL_17946801.jpg
raw_strekeisen\pluto\monzodiorite\monzodiorite_XPL_18471253.jpg
raw_strekeisen\pluto\monzodiorite\monzodiorite_XPL_55427397.jpg
raw_strekeisen\pluto\monzodiorite\monzodiorite_XPL_65771242.jpg
raw_strekeisen\pluto\monzodiorite\monzodiorite_XPL_68594018.jpg
raw_strekeisen\pluto\monzodiorite\monzodiorite_XPL_78927709.jpg
raw_strekeisen\pluto\monzodiorite\monzodiorite_XPL_90720240.jpg
raw_strekeisen\pluto\monzonite\monzonite_PPL_19901373.jpg
raw_strekeisen\pluto\monzonite\monzonite_PPL_20301383.jpg
raw_strekeisen\pluto\monzonite\monzonite_PPL_31632009.jpg
raw_strekeisen\pluto\monzonite\monzonite_PPL_40088726.jpg
raw_strekeisen\pluto\monzonite\monzonite_PPL_41735465.jpg
raw_strekeisen\pluto\monzonite\monzonite_PPL_66957893.jpg
raw_strekeisen\pluto\monzonite\monzonite_PPL_89579981.jpg
raw_strekeisen\pluto\monzonite\monzonite_XPL_23335714.jpg
raw_strekeisen\pluto\monzonite\monzonite_XPL_27017317.jpg
raw_strekeisen\pluto\monzonite\monzonite_XPL_27482376.jpg
raw_strekeisen\pluto\monzonite\monzonite_XPL_36669896.jpg
raw_strekeisen\pluto\monzonite\monzonite_XPL_38391234.jpg
raw_strekeisen\pluto\monzonite\monzonite_XPL_41780247.jpg
raw_strekeisen\pluto\monzonite\monzonite_XPL_43395141.jpg
raw_strekeisen\pluto\monzonite\monzonite_XPL_60320289.jpg
raw_strekeisen\pluto\monzonite\monzonite_XPL_88509960.jpg
raw_strekeisen\pluto\naujaite\naujaite_XPL_70252470.jpg
raw_strekeisen\pluto\naujaite\naujaite_XPL_79736966.jpg
raw_strekeisen\pluto\naujaite\naujaite_XPL_92567736.jpg
raw_strekeisen\pluto\nepheline\nepheline_PPL_83029959.jpg
raw_strekeisen\pluto\nepheline\nepheline_PPL_98581522.jpg
raw_strekeisen\pluto\nepheline\nepheline_XPL_48792075.jpg
raw_strekeisen\pluto\nephelinepegmatite\nephelinepegmatite_XPL_73993616.jpg
raw_strekeisen\pluto\nephelinesyenite\nephelinesyenite_PPL_56272461.jpg
raw_strekeisen\pluto\nephelinesyenite\nephelinesyenite_PPL_62199727.jpg
raw_strekeisen\pluto\nephelinesyenite\nephelinesyenite_XPL_36068436.jpg
raw_strekeisen\pluto\nephelinesyenite\nephelinesyenite_XPL_37719618.jpg
raw_strekeisen\pluto\nephelinesyenite\nephelinesyenite_XPL_72886327.jpg
raw_strekeisen\pluto\norite\norite_PPL_17378806.jpg
raw_strekeisen\pluto\norite\norite_PPL_18855787.jpg
raw_strekeisen\pluto\norite\norite_PPL_26491074.jpg
raw_strekeisen\pluto\norite\norite_PPL_39361823.jpg
raw_strekeisen\pluto\norite\norite_PPL_50388341.jpg
raw_strekeisen\pluto\norite\norite_PPL_57330366.jpg
raw_strekeisen\pluto\norite\norite_PPL_66089518.jpg
raw_strekeisen\pluto\norite\norite_PPL_7257460.jpg
raw_strekeisen\pluto\norite\norite_PPL_74444054.jpg
raw_strekeisen\pluto\norite\norite_PPL_77954683.jpg
raw_strekeisen\pluto\norite\norite_XPL_24008555.jpg
raw_strekeisen\pluto\norite\norite_XPL_32075611.jpg
raw_strekeisen\pluto\norite\norite_XPL_44892028.jpg
raw_strekeisen\pluto\norite\norite_XPL_56078015.jpg
raw_strekeisen\pluto\norite\norite_XPL_6139437.jpg
raw_strekeisen\pluto\norite\norite_XPL_62009631.jpg
raw_strekeisen\pluto\norite\norite_XPL_70169464.jpg
raw_strekeisen\pluto\norite\norite_XPL_84033240.jpg
raw_strekeisen\pluto\norite\norite_XPL_84937911.jpg
raw_strekeisen\pluto\norite\norite_XPL_87404220.jpg
raw_strekeisen\pluto\norite\norite_XPL_90335653.jpg
raw_strekeisen\vulc\olivine\olivine_PPL_21369694.jpg
raw_strekeisen\pluto\olivine\olivine_PPL_23884006.jpg
raw_strekeisen\vulc\olivine\olivine_PPL_25969434.jpg
raw_strekeisen\meta\olivine\olivine_PPL_39865159.jpg
raw_strekeisen\pluto\olivine\olivine_PPL_45047752.jpg
raw_strekeisen\pluto\olivine\olivine_PPL_51405172.jpg
raw_strekeisen\vulc\olivine\olivine_PPL_51802377.jpg
raw_strekeisen\vulc\olivine\olivine_PPL_55430192.jpg
raw_strekeisen\meta\olivine\olivine_PPL_58801477.jpg
raw_strekeisen\vulc\olivine\olivine_PPL_74790789.jpg
raw_strekeisen\pluto\olivine\olivine_PPL_93886587.jpg
raw_strekeisen\pluto\olivine\olivine_PPL_98395734.jpg
raw_strekeisen\pluto\olivine\olivine_XPL_12933993.jpg
raw_strekeisen\pluto\olivine\olivine_XPL_13935071.jpg
raw_strekeisen\pluto\olivine\olivine_XPL_19359354.jpg
raw_strekeisen\vulc\olivine\olivine_XPL_2631422.jpg
raw_strekeisen\pluto\olivine\olivine_XPL_29590907.jpg
raw_strekeisen\pluto\olivine\olivine_XPL_30716780.jpg
raw_strekeisen\vulc\olivine\olivine_XPL_33913414.jpg
raw_strekeisen\vulc\olivine\olivine_XPL_51349763.jpg
raw_strekeisen\vulc\olivine\olivine_XPL_5395169.jpg
raw_strekeisen\pluto\olivine\olivine_XPL_67976720.jpg
raw_strekeisen\pluto\olivine\olivine_XPL_69048886.jpg
raw_strekeisen\vulc\olivine\olivine_XPL_71576618.jpg
raw_strekeisen\pluto\olivine\olivine_XPL_72950472.jpg
raw_strekeisen\pluto\olivine\olivine_XPL_75247638.jpg
raw_strekeisen\pluto\olivine\olivine_XPL_86830963.jpg
raw_strekeisen\vulc\olivine\olivine_XPL_86932529.jpg
raw_strekeisen\vulc\olivine\olivine_XPL_91024866.jpg
raw_strekeisen\vulc\olivine\olivine_XPL_9294251.jpg
raw_strekeisen\pluto\olivine\olivine_XPL_9425148.jpg
raw_strekeisen\pluto\olivine\olivine_XPL_96309863.jpg
raw_strekeisen\pluto\olivine\olivine_XPL_97358433.jpg
raw_strekeisen\pluto\olivinegabbro\olivinegabbro_PPL_34407446.jpg
raw_strekeisen\pluto\olivinegabbro\olivinegabbro_PPL_38061940.jpg
raw_strekeisen\pluto\olivinegabbro\olivinegabbro_PPL_49843161.jpg
raw_strekeisen\pluto\olivinegabbro\olivinegabbro_PPL_72998168.jpg
raw_strekeisen\pluto\olivinegabbro\olivinegabbro_PPL_94925861.jpg
raw_strekeisen\pluto\olivinegabbro\olivinegabbro_XPL_2272492.jpg
raw_strekeisen\pluto\olivinegabbro\olivinegabbro_XPL_28676156.jpg
raw_strekeisen\pluto\olivinegabbro\olivinegabbro_XPL_36755392.jpg
raw_strekeisen\pluto\olivinegabbro\olivinegabbro_XPL_3890743.jpg
raw_strekeisen\pluto\olivinegabbro\olivinegabbro_XPL_56839573.jpg
raw_strekeisen\pluto\olivinegabbro\olivinegabbro_XPL_61366765.jpg
raw_strekeisen\pluto\orthocumulates\orthocumulates_PPL_51723809.jpg
raw_strekeisen\pluto\orthocumulates\orthocumulates_XPL_10924831.jpg
raw_strekeisen\pluto\orthocumulates\orthocumulates_XPL_14306017.jpg
raw_strekeisen\pluto\orthocumulates\orthocumulates_XPL_15036853.jpg
raw_strekeisen\pluto\orthocumulates\orthocumulates_XPL_20127537.jpg
raw_strekeisen\pluto\orthocumulates\orthocumulates_XPL_21580210.jpg
raw_strekeisen\pluto\orthocumulates\orthocumulates_XPL_23260252.jpg
raw_strekeisen\pluto\orthocumulates\orthocumulates_XPL_25354961.jpg
raw_strekeisen\pluto\orthocumulates\orthocumulates_XPL_26842987.jpg
raw_strekeisen\pluto\orthocumulates\orthocumulates_XPL_27104899.jpg
raw_strekeisen\pluto\orthocumulates\orthocumulates_XPL_29358973.jpg
raw_strekeisen\pluto\orthocumulates\orthocumulates_XPL_33089495.jpg
raw_strekeisen\pluto\orthocumulates\orthocumulates_XPL_34881049.jpg
raw_strekeisen\pluto\orthocumulates\orthocumulates_XPL_35235239.jpg
raw_strekeisen\pluto\orthocumulates\orthocumulates_XPL_48192528.jpg
raw_strekeisen\pluto\orthocumulates\orthocumulates_XPL_50720469.jpg
raw_strekeisen\pluto\orthocumulates\orthocumulates_XPL_51498555.jpg
raw_strekeisen\pluto\orthocumulates\orthocumulates_XPL_53528216.jpg
raw_strekeisen\pluto\orthocumulates\orthocumulates_XPL_57474556.jpg
raw_strekeisen\pluto\orthocumulates\orthocumulates_XPL_6204684.jpg
raw_strekeisen\pluto\orthocumulates\orthocumulates_XPL_63293960.jpg
raw_strekeisen\pluto\orthocumulates\orthocumulates_XPL_6486352.jpg
raw_strekeisen\pluto\orthocumulates\orthocumulates_XPL_65154060.jpg
raw_strekeisen\pluto\orthocumulates\orthocumulates_XPL_65833336.jpg
raw_strekeisen\pluto\orthocumulates\orthocumulates_XPL_66209956.jpg
raw_strekeisen\pluto\orthocumulates\orthocumulates_XPL_68554609.jpg
raw_strekeisen\pluto\orthocumulates\orthocumulates_XPL_74817004.jpg
raw_strekeisen\pluto\orthocumulates\orthocumulates_XPL_78129874.jpg
raw_strekeisen\pluto\orthocumulates\orthocumulates_XPL_85837708.jpg
raw_strekeisen\pluto\orthocumulates\orthocumulates_XPL_93060853.jpg
raw_strekeisen\pluto\orthocumulates\orthocumulates_XPL_96008414.jpg
raw_strekeisen\pluto\orthopyroxenite\orthopyroxenite_PPL_17831275.jpg
raw_strekeisen\pluto\orthopyroxenite\orthopyroxenite_PPL_71447730.jpg
raw_strekeisen\pluto\orthopyroxenite\orthopyroxenite_PPL_71769407.jpg
raw_strekeisen\pluto\orthopyroxenite\orthopyroxenite_PPL_83586840.jpg
raw_strekeisen\pluto\orthopyroxenite\orthopyroxenite_XPL_1735096.jpg
raw_strekeisen\pluto\orthopyroxenite\orthopyroxenite_XPL_75844152.jpg
raw_strekeisen\pluto\orthopyroxenite\orthopyroxenite_XPL_81166889.jpg
raw_strekeisen\pluto\orthopyroxenite\orthopyroxenite_XPL_93631414.jpg
raw_strekeisen\pluto\orthopyroxenite\orthopyroxenite_XPL_97930898.jpg
raw_strekeisen\pluto\pegmatite\pegmatite_XPL_32082607.jpg
raw_strekeisen\pluto\pegmatite\pegmatite_XPL_39698599.jpg
raw_strekeisen\pluto\pegmatite\pegmatite_XPL_68642735.jpg
raw_strekeisen\pluto\pegmatite\pegmatite_XPL_75706796.jpg
raw_strekeisen\pluto\pegmatite\pegmatite_XPL_84506977.jpg
raw_strekeisen\pluto\peralkalinegranite\peralkalinegranite_XPL_10672584.jpg
raw_strekeisen\pluto\peralkalinegranite\peralkalinegranite_XPL_17317987.jpg
raw_strekeisen\pluto\peralkalinegranite\peralkalinegranite_XPL_20435373.jpg
raw_strekeisen\pluto\peralkalinegranite\peralkalinegranite_XPL_62957594.jpg
raw_strekeisen\pluto\peralkalinegranite\peralkalinegranite_XPL_64302224.jpg
raw_strekeisen\pluto\peralkalinegranite\peralkalinegranite_XPL_64709045.jpg
raw_strekeisen\pluto\peralkalinegranite\peralkalinegranite_XPL_77469140.jpg
raw_strekeisen\pluto\peralkalinegranite\peralkalinegranite_XPL_78182711.jpg
raw_strekeisen\pluto\peralkalinegranite\peralkalinegranite_XPL_81199212.jpg
raw_strekeisen\pluto\peralkalinegranite\peralkalinegranite_XPL_96742096.jpg
raw_strekeisen\pluto\peralkalinegranite\peralkalinegranite_XPL_97606225.jpg
raw_strekeisen\pluto\peralkalinegranite\peralkalinegranite_XPL_98077799.jpg
raw_strekeisen\pluto\plagioclase\plagioclase_XPL_42145000.jpg
raw_strekeisen\pluto\plagioclase\plagioclase_XPL_5209261.jpg
raw_strekeisen\pluto\plagioclase\plagioclase_XPL_74919.jpg
raw_strekeisen\pluto\poikilitic\poikilitic_XPL_99598917.jpg
raw_strekeisen\vulc\porphyritic\porphyritic_PPL_60855787.jpg
raw_strekeisen\vulc\porphyritic\porphyritic_PPL_73635552.jpg
raw_strekeisen\vulc\porphyritic\porphyritic_PPL_85161331.jpg
raw_strekeisen\vulc\porphyritic\porphyritic_XPL_17266389.jpg
raw_strekeisen\vulc\porphyritic\porphyritic_XPL_3716099.jpg
raw_strekeisen\pluto\pulaskite\pulaskite_PPL_28465288.jpg
raw_strekeisen\pluto\pulaskite\pulaskite_PPL_31782379.jpg
raw_strekeisen\pluto\pulaskite\pulaskite_PPL_70180110.jpg
raw_strekeisen\pluto\pulaskite\pulaskite_PPL_75442545.jpg
raw_strekeisen\pluto\pulaskite\pulaskite_PPL_78884137.jpg
raw_strekeisen\pluto\pulaskite\pulaskite_XPL_23047626.jpg
raw_strekeisen\pluto\pulaskite\pulaskite_XPL_32669687.jpg
raw_strekeisen\pluto\pulaskite\pulaskite_XPL_43110624.jpg
raw_strekeisen\pluto\pulaskite\pulaskite_XPL_61535840.jpg
raw_strekeisen\pluto\pulaskite\pulaskite_XPL_69149659.jpg
raw_strekeisen\pluto\pulaskite\pulaskite_XPL_73794369.jpg
raw_strekeisen\pluto\pulaskite\pulaskite_XPL_93651568.jpg
raw_strekeisen\vulc\pyroclasticflow\pyroclasticflow_PPL_16852651.jpg
raw_strekeisen\vulc\pyroclasticflow\pyroclasticflow_PPL_28792540.jpg
raw_strekeisen\vulc\pyroclasticflow\pyroclasticflow_PPL_42220780.jpg
raw_strekeisen\vulc\pyroclasticflow\pyroclasticflow_PPL_52885022.jpg
raw_strekeisen\vulc\pyroclasticflow\pyroclasticflow_PPL_79379558.jpg
raw_strekeisen\vulc\pyroclasticflow\pyroclasticflow_PPL_91135800.jpg
raw_strekeisen\pluto\pyroxenite\pyroxenite_PPL_2727068.jpg
raw_strekeisen\pluto\pyroxenite\pyroxenite_PPL_38094604.jpg
raw_strekeisen\pluto\pyroxenite\pyroxenite_PPL_47128682.jpg
raw_strekeisen\pluto\pyroxenite\pyroxenite_PPL_48494407.jpg
raw_strekeisen\pluto\pyroxenite\pyroxenite_PPL_92131354.jpg
raw_strekeisen\pluto\pyroxenite\pyroxenite_PPL_95674402.jpg
raw_strekeisen\pluto\pyroxenite\pyroxenite_PPL_97619938.jpg
raw_strekeisen\pluto\pyroxenite\pyroxenite_PPL_97643977.jpg
raw_strekeisen\pluto\pyroxenite\pyroxenite_XPL_11996547.jpg
raw_strekeisen\pluto\pyroxenite\pyroxenite_XPL_46997153.jpg
raw_strekeisen\pluto\quartzgabbro\quartzgabbro_XPL_18418437.jpg
raw_strekeisen\pluto\quartzgabbro\quartzgabbro_XPL_27134055.jpg
raw_strekeisen\pluto\quartzgabbro\quartzgabbro_XPL_34494159.jpg
raw_strekeisen\pluto\quartzgabbro\quartzgabbro_XPL_75350217.jpg
raw_strekeisen\pluto\quartzgabbro\quartzgabbro_XPL_76473205.jpg
raw_strekeisen\pluto\quartzgabbro\quartzgabbro_XPL_83379059.jpg
raw_strekeisen\pluto\quartzgabbro\quartzgabbro_XPL_95648526.jpg
raw_strekeisen\pluto\rhum\rhum_PPL_34781752.jpg
raw_strekeisen\pluto\rhum\rhum_PPL_36494662.jpg
raw_strekeisen\pluto\rhum\rhum_PPL_62728600.jpg
raw_strekeisen\pluto\rhum\rhum_PPL_67550996.jpg
raw_strekeisen\pluto\rhum\rhum_PPL_69071206.jpg
raw_strekeisen\pluto\rhum\rhum_PPL_90231578.jpg
raw_strekeisen\pluto\rhum\rhum_PPL_92670662.jpg
raw_strekeisen\pluto\rhum\rhum_XPL_21461928.jpg
raw_strekeisen\pluto\rhum\rhum_XPL_2315635.jpg
raw_strekeisen\pluto\rhum\rhum_XPL_23551510.jpg
raw_strekeisen\pluto\rhum\rhum_XPL_24473042.jpg
raw_strekeisen\pluto\rhum\rhum_XPL_27524454.jpg
raw_strekeisen\pluto\rhum\rhum_XPL_30958893.jpg
raw_strekeisen\pluto\rhum\rhum_XPL_32432496.jpg
raw_strekeisen\pluto\rhum\rhum_XPL_42526917.jpg
raw_strekeisen\pluto\rhum\rhum_XPL_45991353.jpg
raw_strekeisen\pluto\rhum\rhum_XPL_51259539.jpg
raw_strekeisen\pluto\rhum\rhum_XPL_6405350.jpg
raw_strekeisen\pluto\rhum\rhum_XPL_64188045.jpg
raw_strekeisen\pluto\rhum\rhum_XPL_69604409.jpg
raw_strekeisen\pluto\rhum\rhum_XPL_72969811.jpg
raw_strekeisen\pluto\rhum\rhum_XPL_76754606.jpg
raw_strekeisen\pluto\rhum\rhum_XPL_84789101.jpg
raw_strekeisen\pluto\rhum\rhum_XPL_85267125.jpg
raw_strekeisen\pluto\rhum\rhum_XPL_88884830.jpg
raw_strekeisen\pluto\rhum\rhum_XPL_92916843.jpg
raw_strekeisen\vulc\rhyolite\rhyolite_XPL_40512146.jpg
raw_strekeisen\meta\sapphirine\sapphirine_PPL_22951689.jpg
raw_strekeisen\meta\sapphirine\sapphirine_PPL_2973310.jpg
raw_strekeisen\meta\sapphirine\sapphirine_PPL_3234949.jpg
raw_strekeisen\meta\sapphirine\sapphirine_PPL_51705705.jpg
raw_strekeisen\meta\sapphirine\sapphirine_PPL_59085665.jpg
raw_strekeisen\meta\sapphirine\sapphirine_PPL_7883634.jpg
raw_strekeisen\meta\sapphirine\sapphirine_PPL_88431077.jpg
raw_strekeisen\meta\sapphirine\sapphirine_PPL_88847944.jpg
raw_strekeisen\meta\sapphirine\sapphirine_XPL_21098132.jpg
raw_strekeisen\meta\sapphirine\sapphirine_XPL_81931095.jpg
raw_strekeisen\meta\sapphirinegranulite\sapphirinegranulite_PPL_53173365.jpg
raw_strekeisen\meta\sapphirinegranulite\sapphirinegranulite_XPL_2405794.jpg
raw_strekeisen\meta\sapphirinegranulite\sapphirinegranulite_XPL_56389733.jpg
raw_strekeisen\meta\sapphirinegranulite\sapphirinegranulite_XPL_79376132.jpg
raw_strekeisen\meta\serpentine\serpentine_PPL_74731623.jpg
raw_strekeisen\pluto\sovite\sovite_PPL_88406056.jpg
raw_strekeisen\pluto\sovitefogo\sovitefogo_XPL_91815395.jpg
raw_strekeisen\pluto\spinelehorzolite\spinelehorzolite_PPL_16128670.jpg
raw_strekeisen\pluto\spinelehorzolite\spinelehorzolite_PPL_26036394.jpg
raw_strekeisen\pluto\spinelehorzolite\spinelehorzolite_PPL_4136824.jpg
raw_strekeisen\pluto\spinelehorzolite\spinelehorzolite_PPL_6376344.jpg
raw_strekeisen\pluto\spinelehorzolite\spinelehorzolite_PPL_69465962.jpg
raw_strekeisen\pluto\spinelehorzolite\spinelehorzolite_PPL_78915624.jpg
raw_strekeisen\pluto\spinelehorzolite\spinelehorzolite_XPL_48975852.jpg
raw_strekeisen\pluto\spinelehorzolite\spinelehorzolite_XPL_85865726.jpg
raw_strekeisen\pluto\spinelehorzolite\spinelehorzolite_XPL_8675979.jpg
raw_strekeisen\pluto\spinelehorzolite\spinelehorzolite_XPL_94097070.jpg
raw_strekeisen\meta\staurolite\staurolite_PPL_22457937.jpg
raw_strekeisen\meta\staurolite\staurolite_PPL_44074276.jpg
raw_strekeisen\meta\staurolite\staurolite_PPL_49031599.jpg
raw_strekeisen\meta\staurolite\staurolite_PPL_63797989.jpg
raw_strekeisen\meta\staurolite\staurolite_PPL_6591591.jpg
raw_strekeisen\meta\staurolite\staurolite_PPL_78071257.jpg
raw_strekeisen\meta\staurolite\staurolite_PPL_84439594.jpg
raw_strekeisen\meta\staurolite\staurolite_PPL_89140804.jpg
raw_strekeisen\pluto\syenogranite\syenogranite_XPL_22103361.jpg
raw_strekeisen\pluto\syenogranite\syenogranite_XPL_43422820.jpg
raw_strekeisen\pluto\syenogranite\syenogranite_XPL_47985334.jpg
raw_strekeisen\pluto\syenogranite\syenogranite_XPL_48831385.jpg
raw_strekeisen\pluto\syenogranite\syenogranite_XPL_59658694.jpg
raw_strekeisen\pluto\syenogranite\syenogranite_XPL_70835749.jpg
raw_strekeisen\pluto\tonalite\tonalite_PPL_38288821.jpg
raw_strekeisen\pluto\tonalite\tonalite_XPL_31166835.jpg
raw_strekeisen\pluto\tonalite\tonalite_XPL_36943532.jpg
raw_strekeisen\pluto\tonalite\tonalite_XPL_41789397.jpg
raw_strekeisen\pluto\tonalite\tonalite_XPL_42134149.jpg
raw_strekeisen\pluto\tonalite\tonalite_XPL_67803548.jpg
raw_strekeisen\pluto\tonalite\tonalite_XPL_94051459.jpg
raw_strekeisen\pluto\troctolite\troctolite_PPL_23072411.jpg
raw_strekeisen\pluto\troctolite\troctolite_PPL_49276419.jpg
raw_strekeisen\pluto\troctolite\troctolite_PPL_53040845.jpg
raw_strekeisen\pluto\troctolite\troctolite_PPL_57177437.jpg
raw_strekeisen\pluto\troctolite\troctolite_PPL_82730202.jpg
raw_strekeisen\pluto\troctolite\troctolite_PPL_83146862.jpg
raw_strekeisen\pluto\troctolite\troctolite_XPL_10905228.jpg
raw_strekeisen\pluto\troctolite\troctolite_XPL_16511898.jpg
raw_strekeisen\pluto\troctolite\troctolite_XPL_25006662.jpg
raw_strekeisen\pluto\troctolite\troctolite_XPL_38090413.jpg
raw_strekeisen\pluto\troctolite\troctolite_XPL_46038232.jpg
raw_strekeisen\pluto\troctolite\troctolite_XPL_85093401.jpg
raw_strekeisen\pluto\troctolite\troctolite_XPL_97127615.jpg
raw_strekeisen\vulc\vosegite\vosegite_PPL_25006714.jpg
raw_strekeisen\vulc\vosegite\vosegite_PPL_46198715.jpg
raw_strekeisen\vulc\vosegite\vosegite_PPL_53943233.jpg
raw_strekeisen\vulc\vosegite\vosegite_PPL_57968178.jpg
raw_strekeisen\vulc\vosegite\vosegite_PPL_80843099.jpg
raw_strekeisen\vulc\vosegite\vosegite_XPL_43022482.jpg
raw_strekeisen\vulc\vosegite\vosegite_XPL_43938045.jpg
raw_strekeisen\vulc\vosegite\vosegite_XPL_44228301.jpg
raw_strekeisen\vulc\vosegite\vosegite_XPL_47295739.jpg
raw_strekeisen\vulc\vosegite\vosegite_XPL_48206794.jpg
raw_strekeisen\vulc\vosegite\vosegite_XPL_77548876.jpg
raw_strekeisen\vulc\vosegite\vosegite_XPL_94223078.jpg
raw_strekeisen\vulc\vosegite\vosegite_XPL_94254668.jpg
raw_strekeisen\vulc\vosegite\vosegite_XPL_94291868.jpg
raw_strekeisen\pluto\wherlite\wherlite_PPL_29287405.jpg
raw_strekeisen\pluto\wherlite\wherlite_PPL_70682247.jpg
raw_strekeisen\pluto\wherlite\wherlite_PPL_79285241.jpg
raw_strekeisen\pluto\wherlite\wherlite_XPL_12011380.jpg
raw_strekeisen\pluto\wherlite\wherlite_XPL_12540566.jpg
raw_strekeisen\pluto\wherlite\wherlite_XPL_17459846.jpg
raw_strekeisen\pluto\wherlite\wherlite_XPL_42633821.jpg
raw_strekeisen\pluto\wherlite\wherlite_XPL_69479149.jpg
raw_strekeisen\pluto\wherlite\wherlite_XPL_71858699.jpg
raw_strekeisen\pluto\wherlite\wherlite_XPL_75177074.jpg
raw_strekeisen\pluto\wherlite\wherlite_XPL_87287382.jpg
